23:01:49 **** Build of configuration Debug for project ps_pl_bram ****
make all 
D:/ruanjian/Vivado/Vitis/2019.2/gnuwin/bin/make --no-print-directory pre-build
a9-linaro-pre-build-step
 
D:/ruanjian/Vivado/Vitis/2019.2/gnuwin/bin/make --no-print-directory main-build
Building file: ../src/main.c
Invoking: ARM v7 gcc compiler
arm-none-eabi-gcc -Wall -O0 -g3 -c -fmessage-length=0 -MT"src/main.o" -mcpu=cortex-a9 -mfpu=vfpv3 -mfloat-abi=hard -ID:/fpga/Embedded_Vitis/ps_pl_bram/vitis/system_wrapper/export/system_wrapper/sw/system_wrapper/standalone_domain/bspinclude/include -MMD -MP -MF"src/main.d" -MT"src/main.o" -o "src/main.o" "../src/main.c"
Finished building: ../src/main.c
 
Building target: ps_pl_bram.elf
Invoking: ARM v7 gcc linker
arm-none-eabi-gcc -mcpu=cortex-a9 -mfpu=vfpv3 -mfloat-abi=hard -Wl,-build-id=none -specs=Xilinx.spec -Wl,-T -Wl,../src/lscript.ld -LD:/fpga/Embedded_Vitis/ps_pl_bram/vitis/system_wrapper/export/system_wrapper/sw/system_wrapper/standalone_domain/bsplib/lib -o "ps_pl_bram.elf"  ./src/main.o   -Wl,--start-group,-lxil,-lgcc,-lc,--end-group
Finished building target: ps_pl_bram.elf
 
Invoking: ARM v7 Print Size
arm-none-eabi-size ps_pl_bram.elf  |tee "ps_pl_bram.elf.size"
   text	   data	    bss	    dec	    hex	filename
  98256	   2584	  24352	 125192	  1e908	ps_pl_bram.elf
Finished building: ps_pl_bram.elf.size
 

23:01:52 Build Finished (took 3s.52ms)

